data/breakfast-at-the-frat/subsets/complete/1111085350-8041-complete.csv
"WEEK_END_DATE","STORE_NUM","UPC","UNITS","VISITS","HHS","SPEND","PRICE","BASE_PRICE","FEATURE","DISPLAY","TPR_ONLY","WEEK_END_DATE_2","YEAR","MONTH","DAY_OF_MONTH","ABS_DISCOUNT","REL_DISCOUNT"
"14-01-2009",8041,1111085350,32,29,29,63.68,1.99,1.99,0,0,0,2009-01-14,2009,1,14,0,0
"21-01-2009",8041,1111085350,31,28,28,61.69,1.99,1.99,0,0,0,2009-01-21,2009,1,21,0,0
"28-01-2009",8041,1111085350,60,49,46,118.8,1.98,1.98,0,0,0,2009-01-28,2009,1,28,0,0
"04-02-2009",8041,1111085350,34,30,30,67.66,1.99,1.99,0,0,0,2009-02-04,2009,2,4,0,0
"11-02-2009",8041,1111085350,50,42,41,98,1.96,1.96,0,0,0,2009-02-11,2009,2,11,0,0
"18-02-2009",8041,1111085350,24,20,20,55.44,2.31,2.31,0,0,0,2009-02-18,2009,2,18,0,0
"25-02-2009",8041,1111085350,33,27,27,76.23,2.31,2.31,0,0,0,2009-02-25,2009,2,25,0,0
"04-03-2009",8041,1111085350,20,18,18,46.6,2.33,2.33,0,0,0,2009-03-04,2009,3,4,0,0
"11-03-2009",8041,1111085350,31,25,25,73.47,2.37,2.37,0,0,0,2009-03-11,2009,3,11,0,0
"18-03-2009",8041,1111085350,20,18,18,45,2.25,2.25,0,0,0,2009-03-18,2009,3,18,0,0
"25-03-2009",8041,1111085350,22,20,20,51.48,2.34,2.34,0,0,0,2009-03-25,2009,3,25,0,0
"01-04-2009",8041,1111085350,43,33,33,86,2,2.34,0,0,1,2009-04-01,2009,4,1,-0.34,-0.145299145299145
"08-04-2009",8041,1111085350,33,29,29,65.67,1.99,2.34,0,0,1,2009-04-08,2009,4,8,-0.35,-0.14957264957265
"15-04-2009",8041,1111085350,43,32,32,85.57,1.99,2.34,0,0,1,2009-04-15,2009,4,15,-0.35,-0.14957264957265
"22-04-2009",8041,1111085350,42,32,32,81.9,1.95,2.34,0,0,1,2009-04-22,2009,4,22,-0.39,-0.166666666666667
"29-04-2009",8041,1111085350,30,27,27,58.8,1.96,2.34,0,0,1,2009-04-29,2009,4,29,-0.38,-0.162393162393162
"06-05-2009",8041,1111085350,48,38,38,96,2,2.34,1,0,0,2009-05-06,2009,5,6,-0.34,-0.145299145299145
"13-05-2009",8041,1111085350,30,24,24,59.7,1.99,2.34,0,0,1,2009-05-13,2009,5,13,-0.35,-0.14957264957265
"20-05-2009",8041,1111085350,21,17,17,49.35,2.35,2.35,0,0,0,2009-05-20,2009,5,20,0,0
"27-05-2009",8041,1111085350,33,31,31,78.54,2.38,2.38,0,0,0,2009-05-27,2009,5,27,0,0
"03-06-2009",8041,1111085350,34,31,27,79.22,2.33,2.33,0,0,0,2009-06-03,2009,6,3,0,0
"10-06-2009",8041,1111085350,35,31,31,82.6,2.36,2.36,0,0,0,2009-06-10,2009,6,10,0,0
"17-06-2009",8041,1111085350,35,31,31,82.6,2.36,2.36,0,0,0,2009-06-17,2009,6,17,0,0
"24-06-2009",8041,1111085350,44,40,37,88.44,2.01,2.36,0,0,1,2009-06-24,2009,6,24,-0.35,-0.148305084745763
"01-07-2009",8041,1111085350,60,51,50,119.4,1.99,2.36,0,0,1,2009-07-01,2009,7,1,-0.37,-0.156779661016949
"08-07-2009",8041,1111085350,47,41,41,93.53,1.99,2.36,0,0,1,2009-07-08,2009,7,8,-0.37,-0.156779661016949
"15-07-2009",8041,1111085350,55,49,46,110,2,2.36,0,0,1,2009-07-15,2009,7,15,-0.36,-0.152542372881356
"22-07-2009",8041,1111085350,46,37,37,92.46,2.01,2.36,0,0,1,2009-07-22,2009,7,22,-0.35,-0.148305084745763
"29-07-2009",8041,1111085350,48,42,42,93.12,1.94,2.36,0,0,1,2009-07-29,2009,7,29,-0.42,-0.177966101694915
"05-08-2009",8041,1111085350,35,33,33,83.3,2.38,2.38,0,0,0,2009-08-05,2009,8,5,0,0
"12-08-2009",8041,1111085350,51,43,41,120.87,2.37,2.37,0,0,0,2009-08-12,2009,8,12,0,0
"19-08-2009",8041,1111085350,50,45,44,116.5,2.33,2.33,0,0,0,2009-08-19,2009,8,19,0,0
"26-08-2009",8041,1111085350,44,40,40,101.2,2.3,2.3,0,0,0,2009-08-26,2009,8,26,0,0
"02-09-2009",8041,1111085350,47,45,44,109.98,2.34,2.34,0,0,0,2009-09-02,2009,9,2,0,0
"09-09-2009",8041,1111085350,45,39,39,102.15,2.27,2.27,0,0,0,2009-09-09,2009,9,9,0,0
"16-09-2009",8041,1111085350,47,44,40,110.92,2.36,2.36,0,0,0,2009-09-16,2009,9,16,0,0
"23-09-2009",8041,1111085350,58,49,47,114.26,1.97,2.36,0,0,1,2009-09-23,2009,9,23,-0.39,-0.165254237288136
"30-09-2009",8041,1111085350,42,33,33,84,2,2.36,0,0,1,2009-09-30,2009,9,30,-0.36,-0.152542372881356
"07-10-2009",8041,1111085350,73,58,57,146.73,2.01,2.36,0,0,1,2009-10-07,2009,10,7,-0.35,-0.148305084745763
"14-10-2009",8041,1111085350,61,51,51,120.78,1.98,2.36,0,0,1,2009-10-14,2009,10,14,-0.38,-0.161016949152542
"21-10-2009",8041,1111085350,70,63,62,165.2,2.36,2.36,0,0,0,2009-10-21,2009,10,21,0,0
"28-10-2009",8041,1111085350,24,23,23,56.64,2.36,2.36,0,0,0,2009-10-28,2009,10,28,0,0
"04-11-2009",8041,1111085350,35,31,31,80.5,2.3,2.3,0,0,0,2009-11-04,2009,11,4,0,0
"11-11-2009",8041,1111085350,35,33,33,82.6,2.36,2.36,0,0,0,2009-11-11,2009,11,11,0,0
"18-11-2009",8041,1111085350,34,33,33,79.56,2.34,2.34,0,0,0,2009-11-18,2009,11,18,0,0
"25-11-2009",8041,1111085350,22,22,22,49.94,2.27,2.27,0,0,0,2009-11-25,2009,11,25,0,0
"02-12-2009",8041,1111085350,31,27,25,73.16,2.36,2.36,0,0,0,2009-12-02,2009,12,2,0,0
"09-12-2009",8041,1111085350,55,46,44,107.8,1.96,2.36,1,0,0,2009-12-09,2009,12,9,-0.4,-0.169491525423729
"16-12-2009",8041,1111085350,56,51,51,112,2,2.36,0,0,1,2009-12-16,2009,12,16,-0.36,-0.152542372881356
"23-12-2009",8041,1111085350,46,38,38,91.54,1.99,2.36,0,0,1,2009-12-23,2009,12,23,-0.37,-0.156779661016949
"30-12-2009",8041,1111085350,18,11,11,35.28,1.96,2.36,0,0,1,2009-12-30,2009,12,30,-0.4,-0.169491525423729
"06-01-2010",8041,1111085350,46,38,38,89.7,1.95,2.36,0,0,1,2010-01-06,2010,1,6,-0.41,-0.173728813559322
"13-01-2010",8041,1111085350,61,47,46,121.39,1.99,2.36,0,0,1,2010-01-13,2010,1,13,-0.37,-0.156779661016949
"20-01-2010",8041,1111085350,17,15,15,33.83,1.99,2.36,0,0,1,2010-01-20,2010,1,20,-0.37,-0.156779661016949
"27-01-2010",8041,1111085350,65,59,58,130,2,2,0,0,0,2010-01-27,2010,1,27,0,0
"03-02-2010",8041,1111085350,41,38,37,96.76,2.36,2.36,0,0,0,2010-02-03,2010,2,3,0,0
"10-02-2010",8041,1111085350,39,38,37,90.48,2.32,2.32,0,0,0,2010-02-10,2010,2,10,0,0
"17-02-2010",8041,1111085350,44,40,37,101.2,2.3,2.3,0,0,0,2010-02-17,2010,2,17,0,0
"24-02-2010",8041,1111085350,45,43,41,103.95,2.31,2.31,0,0,0,2010-02-24,2010,2,24,0,0
"03-03-2010",8041,1111085350,31,30,29,72.23,2.33,2.33,0,0,0,2010-03-03,2010,3,3,0,0
"10-03-2010",8041,1111085350,44,43,42,102.96,2.34,2.34,0,0,0,2010-03-10,2010,3,10,0,0
"17-03-2010",8041,1111085350,25,20,20,48.75,1.95,2.34,0,0,1,2010-03-17,2010,3,17,-0.39,-0.166666666666667
"24-03-2010",8041,1111085350,43,38,36,84.71,1.97,2.34,0,0,1,2010-03-24,2010,3,24,-0.37,-0.158119658119658
"31-03-2010",8041,1111085350,44,34,33,85.8,1.95,2.34,0,0,1,2010-03-31,2010,3,31,-0.39,-0.166666666666667
"07-04-2010",8041,1111085350,46,37,37,90.62,1.97,2.34,0,0,1,2010-04-07,2010,4,7,-0.37,-0.158119658119658
"14-04-2010",8041,1111085350,57,49,49,110.58,1.94,2.34,0,0,1,2010-04-14,2010,4,14,-0.4,-0.170940170940171
"21-04-2010",8041,1111085350,53,48,48,104.94,1.98,2.34,0,0,1,2010-04-21,2010,4,21,-0.36,-0.153846153846154
"28-04-2010",8041,1111085350,39,31,31,78,2,2,0,0,0,2010-04-28,2010,4,28,0,0
"05-05-2010",8041,1111085350,42,33,33,82.74,1.97,1.97,0,0,0,2010-05-05,2010,5,5,0,0
"12-05-2010",8041,1111085350,26,19,19,50.7,1.95,1.95,0,0,0,2010-05-12,2010,5,12,0,0
"19-05-2010",8041,1111085350,44,38,38,82.28,1.87,1.87,0,0,0,2010-05-19,2010,5,19,0,0
"26-05-2010",8041,1111085350,68,56,54,131.92,1.94,1.87,1,0,0,2010-05-26,2010,5,26,0.0699999999999998,0.0374331550802138
"02-06-2010",8041,1111085350,65,52,51,124.8,1.92,1.92,0,0,0,2010-06-02,2010,6,2,0,0
"09-06-2010",8041,1111085350,69,62,61,121.44,1.76,1.92,1,0,0,2010-06-09,2010,6,9,-0.16,-0.0833333333333333
"16-06-2010",8041,1111085350,55,44,44,106.15,1.93,1.92,0,1,0,2010-06-16,2010,6,16,0.01,0.00520833333333334
"23-06-2010",8041,1111085350,48,38,38,95.52,1.99,1.92,0,1,0,2010-06-23,2010,6,23,0.0700000000000001,0.0364583333333334
"30-06-2010",8041,1111085350,27,24,22,62.91,2.33,2.33,0,0,0,2010-06-30,2010,6,30,0,0
"07-07-2010",8041,1111085350,37,36,33,87.32,2.36,2.36,0,0,0,2010-07-07,2010,7,7,0,0
"14-07-2010",8041,1111085350,33,29,29,76.56,2.32,2.32,0,0,0,2010-07-14,2010,7,14,0,0
"21-07-2010",8041,1111085350,25,25,25,56.75,2.27,2.27,0,0,0,2010-07-21,2010,7,21,0,0
"28-07-2010",8041,1111085350,40,36,36,92.8,2.32,2.32,0,0,0,2010-07-28,2010,7,28,0,0
"04-08-2010",8041,1111085350,43,42,41,101.48,2.36,2.36,0,0,0,2010-08-04,2010,8,4,0,0
"11-08-2010",8041,1111085350,67,53,52,130.65,1.95,2.36,1,0,0,2010-08-11,2010,8,11,-0.41,-0.173728813559322
"18-08-2010",8041,1111085350,52,50,49,121.16,2.33,2.33,0,0,0,2010-08-18,2010,8,18,0,0
"25-08-2010",8041,1111085350,43,39,39,100.19,2.33,2.33,0,0,0,2010-08-25,2010,8,25,0,0
"01-09-2010",8041,1111085350,77,59,59,150.92,1.96,2.33,0,0,1,2010-09-01,2010,9,1,-0.37,-0.158798283261803
"08-09-2010",8041,1111085350,59,45,44,115.64,1.96,2.33,0,0,1,2010-09-08,2010,9,8,-0.37,-0.158798283261803
"15-09-2010",8041,1111085350,55,47,45,106.15,1.93,2.33,0,0,1,2010-09-15,2010,9,15,-0.4,-0.171673819742489
"22-09-2010",8041,1111085350,59,51,51,115.05,1.95,2.33,0,0,1,2010-09-22,2010,9,22,-0.38,-0.163090128755365
"29-09-2010",8041,1111085350,51,42,42,119.85,2.35,2.35,0,0,0,2010-09-29,2010,9,29,0,0
"06-10-2010",8041,1111085350,64,52,52,126.08,1.97,2.35,0,0,1,2010-10-06,2010,10,6,-0.38,-0.161702127659575
"13-10-2010",8041,1111085350,62,53,50,120.28,1.94,2.35,0,0,1,2010-10-13,2010,10,13,-0.41,-0.174468085106383
"20-10-2010",8041,1111085350,43,33,33,83.42,1.94,2.35,0,0,1,2010-10-20,2010,10,20,-0.41,-0.174468085106383
"27-10-2010",8041,1111085350,69,60,60,134.55,1.95,2.35,1,0,0,2010-10-27,2010,10,27,-0.4,-0.170212765957447
"03-11-2010",8041,1111085350,40,35,34,79.6,1.99,2.35,0,0,1,2010-11-03,2010,11,3,-0.36,-0.153191489361702
"10-11-2010",8041,1111085350,65,52,52,128.05,1.97,2.35,0,0,1,2010-11-10,2010,11,10,-0.38,-0.161702127659575
"17-11-2010",8041,1111085350,22,19,19,42.24,1.92,2.35,0,0,1,2010-11-17,2010,11,17,-0.43,-0.182978723404255
"24-11-2010",8041,1111085350,61,46,45,120.17,1.97,1.97,0,0,0,2010-11-24,2010,11,24,0,0
"01-12-2010",8041,1111085350,58,43,41,111.94,1.93,1.93,0,0,0,2010-12-01,2010,12,1,0,0
"08-12-2010",8041,1111085350,72,56,56,141.84,1.97,1.97,0,0,0,2010-12-08,2010,12,8,0,0
"15-12-2010",8041,1111085350,66,52,51,128.04,1.94,1.94,0,0,0,2010-12-15,2010,12,15,0,0
"22-12-2010",8041,1111085350,49,40,40,92.61,1.89,1.89,0,0,0,2010-12-22,2010,12,22,0,0
"29-12-2010",8041,1111085350,36,30,29,70.2,1.95,1.95,0,0,0,2010-12-29,2010,12,29,0,0
"05-01-2011",8041,1111085350,70,57,55,135.8,1.94,1.94,0,0,0,2011-01-05,2011,1,5,0,0
"12-01-2011",8041,1111085350,60,42,42,115.8,1.93,1.93,0,0,0,2011-01-12,2011,1,12,0,0
"19-01-2011",8041,1111085350,33,31,31,64.02,1.94,1.94,0,0,0,2011-01-19,2011,1,19,0,0
"26-01-2011",8041,1111085350,37,27,27,72.15,1.95,1.95,0,0,0,2011-01-26,2011,1,26,0,0
"02-02-2011",8041,1111085350,37,33,33,72.52,1.96,1.96,0,0,0,2011-02-02,2011,2,2,0,0
"09-02-2011",8041,1111085350,42,36,36,99.96,2.38,2.38,0,0,0,2011-02-09,2011,2,9,0,0
"16-02-2011",8041,1111085350,35,29,28,83.65,2.39,2.39,0,0,0,2011-02-16,2011,2,16,0,0
"23-02-2011",8041,1111085350,38,29,29,91.2,2.4,2.4,0,0,0,2011-02-23,2011,2,23,0,0
"02-03-2011",8041,1111085350,24,22,22,57.84,2.41,2.41,0,0,0,2011-03-02,2011,3,2,0,0
"09-03-2011",8041,1111085350,46,35,33,111.32,2.42,2.42,0,0,0,2011-03-09,2011,3,9,0,0
"16-03-2011",8041,1111085350,36,30,29,85.32,2.37,2.37,0,0,0,2011-03-16,2011,3,16,0,0
"23-03-2011",8041,1111085350,46,43,42,112.24,2.44,2.44,0,0,0,2011-03-23,2011,3,23,0,0
"30-03-2011",8041,1111085350,55,44,44,132.55,2.41,2.41,0,0,0,2011-03-30,2011,3,30,0,0
"06-04-2011",8041,1111085350,67,53,52,129.31,1.93,2.41,0,0,1,2011-04-06,2011,4,6,-0.48,-0.199170124481328
"13-04-2011",8041,1111085350,52,40,40,101.92,1.96,2.41,0,0,1,2011-04-13,2011,4,13,-0.45,-0.186721991701245
"20-04-2011",8041,1111085350,69,54,52,136.62,1.98,2.41,0,0,1,2011-04-20,2011,4,20,-0.43,-0.178423236514523
"27-04-2011",8041,1111085350,38,32,31,74.86,1.97,2.41,0,0,1,2011-04-27,2011,4,27,-0.44,-0.182572614107884
"04-05-2011",8041,1111085350,36,31,29,88.56,2.46,2.46,0,0,0,2011-05-04,2011,5,4,0,0
"11-05-2011",8041,1111085350,66,51,48,161.04,2.44,2.44,0,0,0,2011-05-11,2011,5,11,0,0
"18-05-2011",8041,1111085350,55,50,49,133.1,2.42,2.42,0,0,0,2011-05-18,2011,5,18,0,0
"25-05-2011",8041,1111085350,85,65,65,165.75,1.95,2.42,1,1,0,2011-05-25,2011,5,25,-0.47,-0.194214876033058
"01-06-2011",8041,1111085350,70,58,56,138.6,1.98,2.42,1,1,0,2011-06-01,2011,6,1,-0.44,-0.181818181818182
"08-06-2011",8041,1111085350,69,51,50,136.62,1.98,2.42,1,0,0,2011-06-08,2011,6,8,-0.44,-0.181818181818182
"15-06-2011",8041,1111085350,72,57,57,141.84,1.97,2.42,0,0,1,2011-06-15,2011,6,15,-0.45,-0.18595041322314
"22-06-2011",8041,1111085350,29,25,25,69.6,2.4,2.4,0,0,0,2011-06-22,2011,6,22,0,0
"29-06-2011",8041,1111085350,23,22,21,55.66,2.42,2.42,0,0,0,2011-06-29,2011,6,29,0,0
"06-07-2011",8041,1111085350,39,35,35,95.94,2.46,2.46,0,0,0,2011-07-06,2011,7,6,0,0
"13-07-2011",8041,1111085350,36,33,33,85.68,2.38,2.38,0,0,0,2011-07-13,2011,7,13,0,0
"20-07-2011",8041,1111085350,41,32,32,101.27,2.47,2.47,0,0,0,2011-07-20,2011,7,20,0,0
"27-07-2011",8041,1111085350,47,47,45,115.15,2.45,2.45,0,0,0,2011-07-27,2011,7,27,0,0
"03-08-2011",8041,1111085350,48,43,43,118.08,2.46,2.46,0,0,0,2011-08-03,2011,8,3,0,0
"10-08-2011",8041,1111085350,5,4,4,12.25,2.45,2.45,0,0,0,2011-08-10,2011,8,10,0,0
"17-08-2011",8041,1111085350,45,42,41,104.4,2.32,2.32,0,0,0,2011-08-17,2011,8,17,0,0
"24-08-2011",8041,1111085350,41,38,38,86.51,2.11,2.11,0,0,0,2011-08-24,2011,8,24,0,0
"31-08-2011",8041,1111085350,43,34,34,104.06,2.42,2.42,0,0,0,2011-08-31,2011,8,31,0,0
"07-09-2011",8041,1111085350,37,37,33,91.39,2.47,2.47,0,0,0,2011-09-07,2011,9,7,0,0
"14-09-2011",8041,1111085350,43,42,42,103.63,2.41,2.41,0,0,0,2011-09-14,2011,9,14,0,0
"21-09-2011",8041,1111085350,39,37,36,93.21,2.39,2.39,0,0,0,2011-09-21,2011,9,21,0,0
"28-09-2011",8041,1111085350,55,47,44,132,2.4,2.4,0,0,0,2011-09-28,2011,9,28,0,0
"05-10-2011",8041,1111085350,39,37,36,93.99,2.41,2.41,0,0,0,2011-10-05,2011,10,5,0,0
"12-10-2011",8041,1111085350,53,46,45,125.08,2.36,2.36,0,0,0,2011-10-12,2011,10,12,0,0
"19-10-2011",8041,1111085350,32,29,29,78.72,2.46,2.46,0,0,0,2011-10-19,2011,10,19,0,0
"26-10-2011",8041,1111085350,35,35,35,86.1,2.46,2.46,0,0,0,2011-10-26,2011,10,26,0,0
"02-11-2011",8041,1111085350,41,33,29,101.68,2.48,2.48,0,0,0,2011-11-02,2011,11,2,0,0
"09-11-2011",8041,1111085350,51,47,43,126.48,2.48,2.48,0,0,0,2011-11-09,2011,11,9,0,0
"16-11-2011",8041,1111085350,45,40,39,85.5,1.9,2.48,0,0,1,2011-11-16,2011,11,16,-0.58,-0.233870967741936
"23-11-2011",8041,1111085350,64,54,48,122.88,1.92,2.48,0,0,1,2011-11-23,2011,11,23,-0.56,-0.225806451612903
"30-11-2011",8041,1111085350,47,39,37,89.77,1.91,2.48,0,0,1,2011-11-30,2011,11,30,-0.57,-0.229838709677419
"07-12-2011",8041,1111085350,45,40,39,87.75,1.95,2.48,0,0,1,2011-12-07,2011,12,7,-0.53,-0.213709677419355
"14-12-2011",8041,1111085350,60,47,45,146.4,2.44,2.44,0,0,0,2011-12-14,2011,12,14,0,0
"21-12-2011",8041,1111085350,46,41,39,108.56,2.36,2.36,0,0,0,2011-12-21,2011,12,21,0,0
"28-12-2011",8041,1111085350,5,5,5,12,2.4,2.4,0,0,0,2011-12-28,2011,12,28,0,0
"04-01-2012",8041,1111085350,8,8,8,19.76,2.47,2.47,0,0,0,2012-01-04,2012,1,4,0,0
